'
(2)
(3)
(4)
(5)
(6)
(portugal)
-
.
. _ - '
0001
1
2
3
4
Image
Page
_
a
aigre
aiguillette
alpe
amer
ancien
and
anglai
anglaise
au
automne
avignonnaise
babouin
ball
barquette
bille
biscottu
blanc
bouldouk
boulette
braise
brest
breton
brochette
campagnarde
campagne
cantal
cantonai
chaud
chausson
cherie
chiffon
chinoise
cieu
cigare
classique
coeur
complete
con
confit
copie
couleur
couli
creme
cretoise
cru
crue
cuite
d
d'
de
destructuree
devonshire
douce
du
dur
ecrase
emince
en
enrobee
espagnole
et
etc
ete
expres
express
facon
farcie
feroce
fesse
feu
feuille
feuillete
feuilletee
feuillette
fine
flambee
fleur
fondant
fondu
fondue
forestiere
foret
four
frai
francaise
fribourgeoi
fricassee
fume
galette
girafe
gourmand
gratin
gratine
gratinee
grecque
gremolata
grille
grise
hachee
hipster
hot
italienne
l
l'
la
landaise
laque
leger
liban
lit
lorrain
mad
madame
maison
mamie
marble
marbre
marbree
marine
mediterraneenne
mediterranenne
melange
meridional
mexicaine
mi
mijote
mille
mini
minute
moelleu
monsieur
mousse
mousseline
mousseuse
noel
noir
noire
normande
norvege
nouveau
oreille
orientale
ou
our
ours
paillasson
papillote
papillotte
papilotte
pari
parisienne
pauvre
pave
petit
petite
poche
poele
poelee
poil
pour
provencau
recette
reine
renverse
revisite
revisitee
rissole
rouge
roulade
roule
rouleau
roulee
sartenaise
sauce
saute
sautee
savoyarde
sechee
soleil
souffle
soufflee
soufle
special
stick
suedoise
sur
surprise
tarbai
tarte
tartelette
tatin
terre
tiede
tout
traver
tresse
tressee
troi
ty
ty mad
u
vacherin
veloute
vert
verte
viet
vigne
à