agneau
ail
alouette
ambert
anchoiade
andouille
andouillette
ane
apero
artichaud
artichaut
aubergine
avocat
bacon
bagel
banh
bao
barbecue
basilic
basque
bbq
beaufort
bechamel
betterave
betteraves 
beurre
blanquette
ble
bleu
blini
bo
boeuf
bolo
bolognaise
bouchee
bouef
bouglour
bouillon
boulgour
bourgignon
brandade
brebi
brick
brocciollu
broccoli
brocoli
brouille
bruxelle
bucco
buco
bun
burger
butternut
cabillaud
caille
calzone
camembert
canard
canele
caneles
caponata
capre
carbo
carne
carotte
cassoulet
caviar
celeri
celerri
cepe
champi
champignon
cheddar
chevre
chevreau
chiche
chili
chip
chips
chorizo
chou
choufleur
ciaccia
ciboulette
civet
coleslaw
colombo
comte
comtoise
conchiglie
concombre
coquillete
coquillette
corail
cordon
coriandre
cornichon
cotelette
courge
courgete
courgette
cracker
crevette
croque
croquette
crottin
croustade
croute
cumin
curry
daube
dauphinoi
dhal
dinde
dog
echalote
emmental
empenada
endive
epice
epinard
equinoa
escalope
escargot
estragon
falafel
falmmequeche
farci
farcie 
fenouil
fermier
feta
feve
filet
fish
flamequeche
flammekueche
flaugnarde
foccacia
fougasse
fourme
fratin
friand
frite
frittata
fromage
gaspacho
gigot
gnocchi
gorgonzola
gougere
gribiche
gruyere
guacamole
hachi
haddock
haricot
herbe
herithon
houmo
huile
jambon
kefta
keftede
ketchup
knacki
laitue
lapin
lard
lardee
lardon
lasagne
legume
lentil
lentille
lorraine
macaroni
mache
mai
mais
maki
maquereau
mascarpone
mayo
mer
merlu
meuniere
mimosa
miso
mollet
mornay
morue
moutarde
mouton
mozza
navarin
nouille
nugget
oeuf
oignon
olive
omelette
omeltte
orzo
oseille
osso
our
ours
paella
pain
panai
panini
panzanella
paprika
parmentier
parmesan
parsnip
patate
pate
penne
persil
pesto
pho
picatta
piemontaise
pignon
pilon
piment
pin
pintxo
pintxos
pissaladiere
pissenlit
pizza
poi
poireau
poisson
poivre
poivron
polaire
polenta
porc
pork
porto
pot
potee
potimarron
poule
poulet
printemp
provencale
pulled
puree
quesadilla
quiche
quinoa
rable
raclette
radi
ragout
ratatouille
raviole
rillette
risotto
riz
roblochon
romanesco
romarin
roquette
rosso
rosti
roti
rotie
rougail
rouleaux
salade
sale
samosa
samossa
samoussa
sandwich
sarazin
sardine
sarrasin
sashimi
saucisse
saucisson
sauge
saumon
sel
semla
semoule
sesame
shawarma
shiitake
soba
sole
soupe
spaghetti
stilton
taboule
tagliatelle
tapa
tarama
tartiflette
tartine
terrine
thon
thym
tofu
tomate
tonnato
torsade
tortilla
tournedo
tourte
truite
tzatziki
veau
vegetarien
vermicelle
vert
viande
vitello
volaille
waterzoi
whoopie
wrap
yakitori
yassa