F:\\MAGASIN-F1\\ARCHIVES-F2\\Legion.S01E08.1080p.WEB-DL.DD5.1.H264-RARBG.mkv
F:\\MAGASIN-F1\\ARCHIVES-F2\\The.Expanse.S02E09.1080p.WEB-DL.DD5.1.H264-RARBG-thumb.jpg
F:\\MAGASIN-F1\\ARCHIVES-F2\\The.Expanse.S02E09.1080p.WEB-DL.DD5.1.H264-RARBG.mkv
F:\\MAGASIN-F1\\ARCHIVES-F2\\The.Expanse.S02E09.1080p.WEB-DL.DD5.1.H264-RARBG[eztv].MyVideoLink.....nfo
F:\\MAGASIN-F1\\ARCHIVES-F2\\Game.of.Thrones - 1x01 - Winter Is Coming 1080p BRRip x264-jlw.mkv
F:\\MAGASIN-F1\\ARCHIVES-F2\\THE LAST MAN ON EARTH\\The.Last.Man.On.Earth.S03E13.720p.HDTV.x264-AVS.MyVideoLinks.en.srt
F:\\MAGASIN-F1\\ARCHIVES-F2\\THE LAST MAN ON EARTH\\The.Last.Man.On.Earth.S03E13.720p.HDTV.x264-AVS.MyVideoLinks.mkv
F:\\MAGASIN-F1\\ARCHIVES-F2\\THE WOLVERINE (2013)\\The.Wolverine.2013.1080p.BluRay.x264.YIFY-fanart.jpg
F:\\MAGASIN-F1\\ARCHIVES-F2\\THE WOLVERINE (2013)\\The.Wolverine.2013.1080p.BluRay.x264.YIFY-poster.jpg
F:\\MAGASIN-F1\\ARCHIVES-F2\\THE WOLVERINE (2013)\\The.Wolverine.2013.1080p.BluRay.x264.YIFY.en.srt
F:\\MAGASIN-F1\\ARCHIVES-F2\\THE WOLVERINE (2013)\\The.Wolverine.2013.1080p.BluRay.x264.YIFY.mp4
F:\\MAGASIN-F1\\ARCHIVES-F2\\THE WOLVERINE (2013)\\The.Wolverine.2013.1080p.BluRay.x264.YIFY.nfo